[2026-02-02T01:36:22.600Z] info: kubernetes.yaml was copied to the config folder
[2026-02-02T01:37:18.398Z] info: bookmarks.yaml was copied to the config folder
[2026-02-02T01:37:18.402Z] info: widgets.yaml was copied to the config folder
[2026-02-02T01:37:18.403Z] info: custom.css was copied to the config folder
[2026-02-02T01:37:18.404Z] info: custom.js was copied to the config folder
[2026-02-02T01:37:18.535Z] info: proxmox.yaml was copied to the config folder
[2026-02-02T01:37:19.805Z] error: <httpProxy> Error calling https://api.open-meteo.com/v1/forecast...
[2026-02-02T01:37:19.823Z] error: <httpProxy> [ 500, [AggregateError: ] { code: 'ETIMEDOUT' } ]
[2026-02-02T09:14:19.195Z] error: <httpProxy> Error calling http://jellyfin:8096/emby/Items/Counts...
[2026-02-02T09:14:19.213Z] error: <httpProxy> [
  500,
  Error: connect ECONNREFUSED 172.20.1.8:8096
      at <unknown> (Error: connect ECONNREFUSED 172.20.1.8:8096) {
    errno: -111,
    code: 'ECONNREFUSED',
    syscall: 'connect',
    address: '172.20.1.8',
    port: 8096
  }
]
[2026-02-02T09:14:19.219Z] error: <httpProxy> Error calling http://prowlarr:9696/api/v1/indexerstats...
[2026-02-02T09:14:19.223Z] error: <httpProxy> [
  500,
  Error: connect ECONNREFUSED 172.20.1.9:9696
      at <unknown> (Error: connect ECONNREFUSED 172.20.1.9:9696) {
    errno: -111,
    code: 'ECONNREFUSED',
    syscall: 'connect',
    address: '172.20.1.9',
    port: 9696
  }
]
[2026-02-02T09:14:19.266Z] error: <httpProxy> Error calling http://jellyfin:8096/emby/Sessions...
[2026-02-02T09:14:19.268Z] error: <httpProxy> [
  500,
  Error: connect ECONNREFUSED 172.20.1.8:8096
      at <unknown> (Error: connect ECONNREFUSED 172.20.1.8:8096) {
    errno: -111,
    code: 'ECONNREFUSED',
    syscall: 'connect',
    address: '172.20.1.8',
    port: 8096
  }
]
[2026-02-02T09:14:23.849Z] error: <httpProxy> Error calling http://jellyfin:8096/emby/Sessions...
[2026-02-02T09:14:23.850Z] error: <httpProxy> [
  500,
  Error: connect ECONNREFUSED 172.20.1.8:8096
      at <unknown> (Error: connect ECONNREFUSED 172.20.1.8:8096) {
    errno: -111,
    code: 'ECONNREFUSED',
    syscall: 'connect',
    address: '172.20.1.8',
    port: 8096
  }
]
[2026-02-02T09:14:29.105Z] error: <httpProxy> Error calling http://jellyfin:8096/emby/Sessions...
[2026-02-02T09:14:29.109Z] error: <httpProxy> [
  500,
  Error: connect ECONNREFUSED 172.20.1.8:8096
      at <unknown> (Error: connect ECONNREFUSED 172.20.1.8:8096) {
    errno: -111,
    code: 'ECONNREFUSED',
    syscall: 'connect',
    address: '172.20.1.8',
    port: 8096
  }
]
[2026-02-02T09:14:34.302Z] error: <httpProxy> Error calling http://jellyfin:8096/emby/Sessions...
[2026-02-02T09:14:34.306Z] error: <httpProxy> [
  500,
  Error: connect ECONNREFUSED 172.20.1.8:8096
      at <unknown> (Error: connect ECONNREFUSED 172.20.1.8:8096) {
    errno: -111,
    code: 'ECONNREFUSED',
    syscall: 'connect',
    address: '172.20.1.8',
    port: 8096
  }
]
[2026-02-02T09:14:39.399Z] error: <httpProxy> Error calling http://jellyfin:8096/emby/Sessions...
[2026-02-02T09:14:39.407Z] error: <httpProxy> [
  500,
  Error: connect ECONNREFUSED 172.20.1.8:8096
      at <unknown> (Error: connect ECONNREFUSED 172.20.1.8:8096) {
    errno: -111,
    code: 'ECONNREFUSED',
    syscall: 'connect',
    address: '172.20.1.8',
    port: 8096
  }
]
[2026-02-02T09:14:44.534Z] error: <httpProxy> Error calling http://jellyfin:8096/emby/Sessions...
[2026-02-02T09:14:44.536Z] error: <httpProxy> [
  500,
  Error: connect ECONNREFUSED 172.20.1.8:8096
      at <unknown> (Error: connect ECONNREFUSED 172.20.1.8:8096) {
    errno: -111,
    code: 'ECONNREFUSED',
    syscall: 'connect',
    address: '172.20.1.8',
    port: 8096
  }
]
[2026-02-02T09:14:49.724Z] error: <httpProxy> Error calling http://jellyfin:8096/emby/Sessions...
[2026-02-02T09:14:49.727Z] error: <httpProxy> [
  500,
  Error: connect ECONNREFUSED 172.20.1.8:8096
      at <unknown> (Error: connect ECONNREFUSED 172.20.1.8:8096) {
    errno: -111,
    code: 'ECONNREFUSED',
    syscall: 'connect',
    address: '172.20.1.8',
    port: 8096
  }
]
[2026-02-03T14:31:48.434Z] error: <httpProxy> Error calling http://localhost:8080/api/overview...
[2026-02-03T14:31:48.523Z] error: <httpProxy> [ 500, [AggregateError: ] { code: 'ECONNREFUSED' } ]
[2026-02-03T14:31:49.146Z] error: <httpProxy> Error calling http://localhost:8080/api/overview...
[2026-02-03T14:31:49.153Z] error: <httpProxy> [ 500, [AggregateError: ] { code: 'ECONNREFUSED' } ]
[2026-02-03T14:43:12.089Z] error: <httpProxy> Error calling http://localhost:8080/api/overview...
[2026-02-03T14:43:12.092Z] error: <httpProxy> [ 500, [AggregateError: ] { code: 'ECONNREFUSED' } ]
[2026-02-03T14:44:20.646Z] error: <httpProxy> Error calling http://localhost:8080/api/overview...
[2026-02-03T14:44:20.647Z] error: <httpProxy> [ 500, [AggregateError: ] { code: 'ECONNREFUSED' } ]
[2026-02-03T15:38:16.538Z] error: <httpProxy> Error calling http://localhost:8080/api/overview...
[2026-02-03T15:38:16.541Z] error: <httpProxy> [ 500, [AggregateError: ] { code: 'ECONNREFUSED' } ]
[2026-02-03T15:54:58.819Z] error: <httpProxy> Error calling http://localhost:8080/api/overview...
[2026-02-03T15:54:58.820Z] error: <httpProxy> [ 500, [AggregateError: ] { code: 'ECONNREFUSED' } ]
[2026-02-03T15:55:00.124Z] error: <httpProxy> Error calling http://localhost:8080/api/overview...
[2026-02-03T15:55:00.125Z] error: <httpProxy> [ 500, [AggregateError: ] { code: 'ECONNREFUSED' } ]
[2026-02-03T16:26:31.402Z] error: <httpProxy> Error calling http://localhost:8080/api/overview...
[2026-02-03T16:26:31.403Z] error: <httpProxy> [ 500, [AggregateError: ] { code: 'ECONNREFUSED' } ]
[2026-02-03T16:50:27.584Z] error: <httpProxy> Error calling http://jellyfin:8096/emby/Sessions...
[2026-02-03T16:50:27.600Z] error: <httpProxy> [
  500,
  Error: connect ECONNREFUSED 172.20.1.4:8096
      at <unknown> (Error: connect ECONNREFUSED 172.20.1.4:8096) {
    errno: -111,
    code: 'ECONNREFUSED',
    syscall: 'connect',
    address: '172.20.1.4',
    port: 8096
  }
]
[2026-02-03T16:50:27.604Z] error: <httpProxy> Error calling http://jellyfin:8096/emby/Items/Counts...
[2026-02-03T16:50:27.607Z] error: <httpProxy> [
  500,
  Error: connect ECONNREFUSED 172.20.1.4:8096
      at <unknown> (Error: connect ECONNREFUSED 172.20.1.4:8096) {
    errno: -111,
    code: 'ECONNREFUSED',
    syscall: 'connect',
    address: '172.20.1.4',
    port: 8096
  }
]
[2026-02-03T16:50:32.267Z] error: <httpProxy> Error calling http://jellyfin:8096/emby/Sessions...
[2026-02-03T16:50:32.271Z] error: <httpProxy> [
  500,
  Error: connect ECONNREFUSED 172.20.1.4:8096
      at <unknown> (Error: connect ECONNREFUSED 172.20.1.4:8096) {
    errno: -111,
    code: 'ECONNREFUSED',
    syscall: 'connect',
    address: '172.20.1.4',
    port: 8096
  }
]
[2026-02-03T16:50:34.276Z] error: <httpProxy> Error calling http://jellyfin:8096/emby/Sessions...
[2026-02-03T16:50:34.278Z] error: <httpProxy> [
  500,
  Error: connect ECONNREFUSED 172.20.1.4:8096
      at <unknown> (Error: connect ECONNREFUSED 172.20.1.4:8096) {
    errno: -111,
    code: 'ECONNREFUSED',
    syscall: 'connect',
    address: '172.20.1.4',
    port: 8096
  }
]
[2026-02-03T16:50:34.296Z] error: <httpProxy> Error calling http://jellyfin:8096/emby/Items/Counts...
[2026-02-03T16:50:34.300Z] error: <httpProxy> [
  500,
  Error: connect ECONNREFUSED 172.20.1.4:8096
      at <unknown> (Error: connect ECONNREFUSED 172.20.1.4:8096) {
    errno: -111,
    code: 'ECONNREFUSED',
    syscall: 'connect',
    address: '172.20.1.4',
    port: 8096
  }
]
[2026-02-03T16:50:38.782Z] error: <httpProxy> Error calling http://jellyfin:8096/emby/Sessions...
[2026-02-03T16:50:38.784Z] error: <httpProxy> [
  500,
  Error: connect ECONNREFUSED 172.20.1.4:8096
      at <unknown> (Error: connect ECONNREFUSED 172.20.1.4:8096) {
    errno: -111,
    code: 'ECONNREFUSED',
    syscall: 'connect',
    address: '172.20.1.4',
    port: 8096
  }
]
[2026-02-03T16:50:43.887Z] error: <httpProxy> Error calling http://jellyfin:8096/emby/Sessions...
[2026-02-03T16:50:43.888Z] error: <httpProxy> [
  500,
  Error: connect ECONNREFUSED 172.20.1.4:8096
      at <unknown> (Error: connect ECONNREFUSED 172.20.1.4:8096) {
    errno: -111,
    code: 'ECONNREFUSED',
    syscall: 'connect',
    address: '172.20.1.4',
    port: 8096
  }
]
[2026-02-03T16:50:49.078Z] error: <httpProxy> Error calling http://jellyfin:8096/emby/Sessions...
[2026-02-03T16:50:49.079Z] error: <httpProxy> [
  500,
  Error: connect ECONNREFUSED 172.20.1.4:8096
      at <unknown> (Error: connect ECONNREFUSED 172.20.1.4:8096) {
    errno: -111,
    code: 'ECONNREFUSED',
    syscall: 'connect',
    address: '172.20.1.4',
    port: 8096
  }
]
[2026-02-03T16:50:54.336Z] error: <httpProxy> Error calling http://jellyfin:8096/emby/Sessions...
[2026-02-03T16:50:54.339Z] error: <httpProxy> [
  500,
  Error: connect ECONNREFUSED 172.20.1.4:8096
      at <unknown> (Error: connect ECONNREFUSED 172.20.1.4:8096) {
    errno: -111,
    code: 'ECONNREFUSED',
    syscall: 'connect',
    address: '172.20.1.4',
    port: 8096
  }
]
[2026-02-13T19:37:47.847Z] error: <httpProxy> Error calling https://api.open-meteo.com/v1/forecast...
[2026-02-13T19:37:47.854Z] error: <httpProxy> [ 500, [AggregateError: ] { code: 'ETIMEDOUT' } ]
[2026-02-13T20:15:47.059Z] error: <httpProxy> Error calling https://api.open-meteo.com/v1/forecast...
[2026-02-13T20:15:47.062Z] error: <httpProxy> [
  500,
  [Error: read ETIMEDOUT] {
    errno: -110,
    code: 'ETIMEDOUT',
    syscall: 'read'
  }
]
[2026-02-14T04:00:23.208Z] error: <qbittorrentProxyHandler> Error logging in to qBittorrent: Data: Fails.
[2026-02-14T04:00:28.917Z] error: <qbittorrentProxyHandler> Error logging in to qBittorrent: Data: Fails.
[2026-02-14T04:00:49.879Z] error: <qbittorrentProxyHandler> Error logging in to qBittorrent: Data: Fails.
[2026-02-14T04:01:00.918Z] error: <qbittorrentProxyHandler> Error logging in to qBittorrent: Data: Fails.
[2026-02-14T12:49:58.466Z] error: <httpProxy> Error calling https://api.open-meteo.com/v1/forecast...
[2026-02-14T12:49:58.472Z] error: <httpProxy> [
  500,
  [Error: read ETIMEDOUT] {
    errno: -110,
    code: 'ETIMEDOUT',
    syscall: 'read'
  }
]
[2026-02-14T13:15:03.317Z] error: <httpProxy> Error calling https://api.open-meteo.com/v1/forecast...
[2026-02-14T13:15:03.319Z] error: <httpProxy> [ 500, [AggregateError: ] { code: 'ETIMEDOUT' } ]
[2026-02-14T13:54:52.204Z] warn: <resources> Drive not found for target: /mnt/storage/zstorage/RAW/
[2026-02-14T13:54:52.837Z] warn: <resources> Drive not found for target: /mnt/storage/zstorage/RAW/
[2026-02-14T13:54:55.711Z] warn: <resources> Drive not found for target: /mnt/storage/zstorage/RAW/
[2026-02-14T13:54:58.765Z] warn: <resources> Drive not found for target: /mnt/storage/zstorage/RAW/
[2026-02-14T13:55:02.073Z] warn: <resources> Drive not found for target: /mnt/storage/zstorage/RAW/
[2026-02-14T13:55:02.702Z] warn: <resources> Drive not found for target: /mnt/storage/zstorage/RAW
[2026-02-14T13:55:05.605Z] warn: <resources> Drive not found for target: /mnt/storage/zstorage/RAW
[2026-02-14T13:55:08.804Z] warn: <resources> Drive not found for target: /mnt/storage/zstorage/RAW
[2026-02-14T13:55:12.000Z] warn: <resources> Drive not found for target: /mnt/storage/zstorage/RAW
[2026-02-14T16:01:01.093Z] error: <httpProxy> Error calling https://api.open-meteo.com/v1/forecast...
[2026-02-14T16:01:01.101Z] error: <httpProxy> [ 500, [AggregateError: ] { code: 'ETIMEDOUT' } ]
[2026-02-14T16:47:36.515Z] error: <jellyfinProxyHandler> HTTP Error 503 calling http://jellyfin:8096/emby/Sessions?api_key=45ba6397f8f04d26a6271474c1b3c1c6
[2026-02-14T16:47:36.517Z] error: <jellyfinProxyHandler> HTTP Error 503 calling http://jellyfin:8096/Items/Counts
[2026-02-14T16:47:36.519Z] error: <jellyfinProxyHandler> HTTP Error 503 calling http://jellyfin:8096/emby/Items/Counts?api_key=45ba6397f8f04d26a6271474c1b3c1c6
[2026-02-14T16:47:38.834Z] error: <httpProxy> Error calling http://jellyfin:8096/emby/Sessions...
[2026-02-14T16:47:38.838Z] error: <httpProxy> [
  500,
  Error: connect ECONNREFUSED 169.254.2.21:8096
      at <unknown> (Error: connect ECONNREFUSED 169.254.2.21:8096) {
    errno: -111,
    code: 'ECONNREFUSED',
    syscall: 'connect',
    address: '169.254.2.21',
    port: 8096
  }
]
[2026-02-14T16:47:38.839Z] error: <jellyfinProxyHandler> HTTP Error 500 calling http://jellyfin:8096/emby/Sessions?api_key=45ba6397f8f04d26a6271474c1b3c1c6
[2026-02-14T16:47:38.841Z] error: <httpProxy> Error calling http://jellyfin:8096/emby/Items/Counts...
[2026-02-14T16:47:38.842Z] error: <httpProxy> [
  500,
  Error: connect ECONNREFUSED 169.254.2.21:8096
      at <unknown> (Error: connect ECONNREFUSED 169.254.2.21:8096) {
    errno: -111,
    code: 'ECONNREFUSED',
    syscall: 'connect',
    address: '169.254.2.21',
    port: 8096
  }
]
[2026-02-14T16:47:38.843Z] error: <jellyfinProxyHandler> HTTP Error 500 calling http://jellyfin:8096/emby/Items/Counts?api_key=45ba6397f8f04d26a6271474c1b3c1c6
[2026-02-14T16:47:38.894Z] error: <httpProxy> Error calling http://jellyfin:8096/Items/Counts...
[2026-02-14T16:47:38.895Z] error: <httpProxy> [
  500,
  Error: connect ECONNREFUSED 169.254.2.21:8096
      at <unknown> (Error: connect ECONNREFUSED 169.254.2.21:8096) {
    errno: -111,
    code: 'ECONNREFUSED',
    syscall: 'connect',
    address: '169.254.2.21',
    port: 8096
  }
]
[2026-02-14T16:47:38.895Z] error: <jellyfinProxyHandler> HTTP Error 500 calling http://jellyfin:8096/Items/Counts
[2026-02-14T22:21:20.512Z] error: <httpProxy> Error calling http://jellyfin:8096/emby/Items/Counts...
[2026-02-14T22:21:20.520Z] error: <httpProxy> [
  500,
  Error: connect ECONNREFUSED 169.254.2.22:8096
      at <unknown> (Error: connect ECONNREFUSED 169.254.2.22:8096) {
    errno: -111,
    code: 'ECONNREFUSED',
    syscall: 'connect',
    address: '169.254.2.22',
    port: 8096
  }
]
[2026-02-14T22:21:20.520Z] error: <jellyfinProxyHandler> HTTP Error 500 calling http://jellyfin:8096/emby/Items/Counts?api_key=45ba6397f8f04d26a6271474c1b3c1c6
[2026-02-14T22:21:23.442Z] error: <httpProxy> Error calling http://jellyfin:8096/emby/Sessions...
[2026-02-14T22:21:23.443Z] error: <httpProxy> [
  500,
  Error: connect ECONNREFUSED 169.254.2.22:8096
      at <unknown> (Error: connect ECONNREFUSED 169.254.2.22:8096) {
    errno: -111,
    code: 'ECONNREFUSED',
    syscall: 'connect',
    address: '169.254.2.22',
    port: 8096
  }
]
[2026-02-14T22:21:23.444Z] error: <jellyfinProxyHandler> HTTP Error 500 calling http://jellyfin:8096/emby/Sessions?api_key=45ba6397f8f04d26a6271474c1b3c1c6
[2026-02-14T22:21:28.521Z] error: <httpProxy> Error calling http://jellyfin:8096/emby/Sessions...
[2026-02-14T22:21:28.522Z] error: <httpProxy> [
  500,
  Error: connect ECONNREFUSED 169.254.2.22:8096
      at <unknown> (Error: connect ECONNREFUSED 169.254.2.22:8096) {
    errno: -111,
    code: 'ECONNREFUSED',
    syscall: 'connect',
    address: '169.254.2.22',
    port: 8096
  }
]
[2026-02-14T22:21:28.523Z] error: <jellyfinProxyHandler> HTTP Error 500 calling http://jellyfin:8096/emby/Sessions?api_key=45ba6397f8f04d26a6271474c1b3c1c6
[2026-02-14T22:21:34.419Z] error: <jellyfinProxyHandler> HTTP Error 503 calling http://jellyfin:8096/emby/Items/Counts?api_key=45ba6397f8f04d26a6271474c1b3c1c6
[2026-02-14T22:21:34.430Z] error: <jellyfinProxyHandler> HTTP Error 503 calling http://jellyfin:8096/emby/Sessions?api_key=45ba6397f8f04d26a6271474c1b3c1c6
[2026-02-14T22:21:34.816Z] error: <httpProxy> Error calling http://jellyfin:8096/emby/Sessions...
[2026-02-14T22:21:34.817Z] error: <httpProxy> [
  500,
  Error: connect ECONNREFUSED 169.254.2.20:8096
      at <unknown> (Error: connect ECONNREFUSED 169.254.2.20:8096) {
    errno: -111,
    code: 'ECONNREFUSED',
    syscall: 'connect',
    address: '169.254.2.20',
    port: 8096
  }
]
[2026-02-14T22:21:34.818Z] error: <jellyfinProxyHandler> HTTP Error 500 calling http://jellyfin:8096/emby/Sessions?api_key=45ba6397f8f04d26a6271474c1b3c1c6
[2026-02-14T22:21:34.823Z] error: <httpProxy> Error calling http://jellyfin:8096/emby/Items/Counts...
[2026-02-14T22:21:34.825Z] error: <httpProxy> [
  500,
  Error: connect ECONNREFUSED 169.254.2.20:8096
      at <unknown> (Error: connect ECONNREFUSED 169.254.2.20:8096) {
    errno: -111,
    code: 'ECONNREFUSED',
    syscall: 'connect',
    address: '169.254.2.20',
    port: 8096
  }
]
[2026-02-14T22:21:34.825Z] error: <jellyfinProxyHandler> HTTP Error 500 calling http://jellyfin:8096/emby/Items/Counts?api_key=45ba6397f8f04d26a6271474c1b3c1c6
[2026-02-14T22:21:38.757Z] error: <jellyfinProxyHandler> HTTP Error 503 calling http://jellyfin:8096/emby/Sessions?api_key=45ba6397f8f04d26a6271474c1b3c1c6
[2026-02-14T22:57:16.228Z] error: <httpProxy> Error calling http://jellyfin:8096/emby/Sessions...
[2026-02-14T22:57:16.232Z] error: <httpProxy> [
  500,
  Error: connect ECONNREFUSED 169.254.2.20:8096
      at <unknown> (Error: connect ECONNREFUSED 169.254.2.20:8096) {
    errno: -111,
    code: 'ECONNREFUSED',
    syscall: 'connect',
    address: '169.254.2.20',
    port: 8096
  }
]
[2026-02-14T22:57:16.232Z] error: <jellyfinProxyHandler> HTTP Error 500 calling http://jellyfin:8096/emby/Sessions?api_key=45ba6397f8f04d26a6271474c1b3c1c6
[2026-02-14T22:57:21.320Z] error: <httpProxy> Error calling http://jellyfin:8096/emby/Sessions...
[2026-02-14T22:57:21.321Z] error: <httpProxy> [
  500,
  Error: connect ECONNREFUSED 169.254.2.20:8096
      at <unknown> (Error: connect ECONNREFUSED 169.254.2.20:8096) {
    errno: -111,
    code: 'ECONNREFUSED',
    syscall: 'connect',
    address: '169.254.2.20',
    port: 8096
  }
]
[2026-02-14T22:57:21.322Z] error: <jellyfinProxyHandler> HTTP Error 500 calling http://jellyfin:8096/emby/Sessions?api_key=45ba6397f8f04d26a6271474c1b3c1c6
[2026-02-14T22:57:26.496Z] error: <jellyfinProxyHandler> HTTP Error 503 calling http://jellyfin:8096/emby/Sessions?api_key=45ba6397f8f04d26a6271474c1b3c1c6
[2026-02-14T22:57:26.918Z] error: <jellyfinProxyHandler> HTTP Error 503 calling http://jellyfin:8096/emby/Items/Counts?api_key=45ba6397f8f04d26a6271474c1b3c1c6
[2026-02-14T23:28:25.236Z] warn: <resources> Drive not found for target: /mnt
[2026-02-14T23:28:26.224Z] warn: <resources> Drive not found for target: /mnt
[2026-02-14T23:28:28.929Z] warn: <resources> Drive not found for target: /mnt
[2026-02-14T23:28:32.097Z] warn: <resources> Drive not found for target: /mnt
[2026-02-14T23:28:35.247Z] warn: <resources> Drive not found for target: /mnt
[2026-02-14T23:28:38.383Z] warn: <resources> Drive not found for target: /mnt
[2026-02-15T15:40:31.542Z] error: <qbittorrentProxyHandler> Error logging in to qBittorrent: Data: Fails.
[2026-02-15T15:40:42.109Z] error: <qbittorrentProxyHandler> Error logging in to qBittorrent: Data: Fails.
